.\.venv\Scripts\python.exe : DEBUG: (0.000) INSERT INTO "accounts_user" ("password", "last_login", "is_superuser", 
"first_name", "last_name", "is_staff", "is_active", "date_joined", "username", "mobile", "email", "email_verified", 
"mobile_verified", "is_social_login", "is_otp_verified") VALUES 
('pbkdf2_sha256$1000000$FASwjNTSfgAudjtXw0xUWV$v1v5+/DOuisy0Sao2x+t/kh8nak/+bab7MeAXf+dnuA=', NULL, 0, '', '', 0, 
1, '2026-01-18 13:29:23.422018', 'test20260118185923', NULL, 'test20260118185923@example.com', 0, 0, 0, 0) 
RETURNING "accounts_user"."id"; 
args=('pbkdf2_sha256$1000000$FASwjNTSfgAudjtXw0xUWV$v1v5+/DOuisy0Sao2x+t/kh8nak/+bab7MeAXf+dnuA=', None, False, '', 
'', False, True, '2026-01-18 13:29:23.422018', 'test20260118185923', None, 'test20260118185923@example.com', False, 
False, False, False); alias=default
At line:1 char:1
+ .\.venv\Scripts\python.exe debug_test.py 2>&1 > test_output.txt ; typ ...
+ ~~~~~~~~~~~~~~~~~~~~~~~~~~~~~~~~~~~~~~~~~~~~~~~~~~~~~~~~~~~~~~~
    + CategoryInfo          : NotSpecified: (DEBUG: (0.000) ...; alias=default:String) [], RemoteException
    + FullyQualifiedErrorId : NativeCommandError
 
DEBUG:django.db.backends:(0.000) INSERT INTO "accounts_user" ("password", "last_login", "is_superuser", 
"first_name", "last_name", "is_staff", "is_active", "date_joined", "username", "mobile", "email", "email_verified", 
"mobile_verified", "is_social_login", "is_otp_verified") VALUES 
('pbkdf2_sha256$1000000$FASwjNTSfgAudjtXw0xUWV$v1v5+/DOuisy0Sao2x+t/kh8nak/+bab7MeAXf+dnuA=', NULL, 0, '', '', 0, 
1, '2026-01-18 13:29:23.422018', 'test20260118185923', NULL, 'test20260118185923@example.com', 0, 0, 0, 0) 
RETURNING "accounts_user"."id"; 
args=('pbkdf2_sha256$1000000$FASwjNTSfgAudjtXw0xUWV$v1v5+/DOuisy0Sao2x+t/kh8nak/+bab7MeAXf+dnuA=', None, False, '', 
'', False, True, '2026-01-18 13:29:23.422018', 'test20260118185923', None, 'test20260118185923@example.com', False, 
False, False, False); alias=default

DEBUG: (0.000) SELECT 1 AS "a" FROM "accounts_userprofile" WHERE "accounts_userprofile"."user_id" = 35 LIMIT 1; 
args=(1, 35); alias=default

DEBUG:django.db.backends:(0.000) SELECT 1 AS "a" FROM "accounts_userprofile" WHERE "accounts_userprofile"."user_id" 
= 35 LIMIT 1; args=(1, 35); alias=default

DEBUG: (0.000) INSERT INTO "core_settings_companysettings" ("company_name", "logo", "mobile", "email") VALUES 
('test20260118185923', '', '', '') RETURNING "core_settings_companysettings"."id"; args=('test20260118185923', '', 
'', ''); alias=default

DEBUG:django.db.backends:(0.000) INSERT INTO "core_settings_companysettings" ("company_name", "logo", "mobile", 
"email") VALUES ('test20260118185923', '', '', '') RETURNING "core_settings_companysettings"."id"; 
args=('test20260118185923', '', '', ''); alias=default

DEBUG: (0.016) INSERT INTO "accounts_userprofile" ("user_id", "company_id", "full_name", "mobile", "business_name", 
"business_type", "gst_number", "address", "profile_picture", "plan_id") VALUES (35, 21, 'test20260118185923', '', 
NULL, NULL, NULL, NULL, '', NULL) RETURNING "accounts_userprofile"."id"; args=(35, 21, 'test20260118185923', '', 
None, None, None, None, '', None); alias=default

DEBUG:django.db.backends:(0.016) INSERT INTO "accounts_userprofile" ("user_id", "company_id", "full_name", 
"mobile", "business_name", "business_type", "gst_number", "address", "profile_picture", "plan_id") VALUES (35, 21, 
'test20260118185923', '', NULL, NULL, NULL, NULL, '', NULL) RETURNING "accounts_userprofile"."id"; args=(35, 21, 
'test20260118185923', '', None, None, None, None, '', None); alias=default

Traceback (most recent call last):

  File "C:\Users\hp\Documents\Newfolder\jaistechkhatabookSystem\.venv\Lib\site-packages\django\db\utils.py", line 
98, in inner
    return func(*args, **kwargs)
           ^^^^^^^^^^^^^^^^^^^^^

sqlite3.IntegrityError: FOREIGN KEY constraint failed


The above exception was the direct cause of the following exception:


Traceback (most recent call last):

  File "C:\Users\hp\Documents\Newfolder\jaistechkhatabookSystem\accounts\signals.py", line 40, in _create
    UserProfile.objects.create(

  File 
"C:\Users\hp\Documents\Newfolder\jaistechkhatabookSystem\.venv\Lib\site-packages\django\db\models\manager.py", line 
87, in manager_method
    return getattr(self.get_queryset(), name)(*args, **kwargs)
           ^^^^^^^^^^^^^^^^^^^^^^^^^^^^^^^^^^^^^^^^^^^^^^^^^^^

  File "C:\Users\hp\Documents\Newfolder\jaistechkhatabookSystem\.venv\Lib\site-packages\django\db\models\query.py", 
line 663, in create
    obj.save(force_insert=True, using=self.db)

  File "C:\Users\hp\Documents\Newfolder\jaistechkhatabookSystem\.venv\Lib\site-packages\django\db\models\base.py", 
line 902, in save
    self.save_base(

  File "C:\Users\hp\Documents\Newfolder\jaistechkhatabookSystem\.venv\Lib\site-packages\django\db\models\base.py", 
line 1008, in save_base
    updated = self._save_table(
              ^^^^^^^^^^^^^^^^^

  File "C:\Users\hp\Documents\Newfolder\jaistechkhatabookSystem\.venv\Lib\site-packages\django\db\models\base.py", 
line 1169, in _save_table
    results = self._do_insert(
              ^^^^^^^^^^^^^^^^

  File "C:\Users\hp\Documents\Newfolder\jaistechkhatabookSystem\.venv\Lib\site-packages\django\db\models\base.py", 
line 1210, in _do_insert
    return manager._insert(
           ^^^^^^^^^^^^^^^^

  File 
"C:\Users\hp\Documents\Newfolder\jaistechkhatabookSystem\.venv\Lib\site-packages\django\db\models\manager.py", line 
87, in manager_method
    return getattr(self.get_queryset(), name)(*args, **kwargs)
           ^^^^^^^^^^^^^^^^^^^^^^^^^^^^^^^^^^^^^^^^^^^^^^^^^^^

  File "C:\Users\hp\Documents\Newfolder\jaistechkhatabookSystem\.venv\Lib\site-packages\django\db\models\query.py", 
line 1868, in _insert
    return query.get_compiler(using=using).execute_sql(returning_fields)
           ^^^^^^^^^^^^^^^^^^^^^^^^^^^^^^^^^^^^^^^^^^^^^^^^^^^^^^^^^^^^^

  File 
"C:\Users\hp\Documents\Newfolder\jaistechkhatabookSystem\.venv\Lib\site-packages\django\db\models\sql\compiler.py", 
line 1894, in execute_sql
    self.connection.ops.fetch_returned_insert_columns(

  File "C:\Users\hp\Documents\Newfolder\jaistechkhatabookSystem\.venv\Lib\site-packages\django\db\backends\base\oper
ations.py", line 215, in fetch_returned_insert_columns
    return cursor.fetchone()
           ^^^^^^^^^^^^^^^^^

  File "C:\Users\hp\Documents\Newfolder\jaistechkhatabookSystem\.venv\Lib\site-packages\django\db\utils.py", line 
97, in inner
    with self:

  File "C:\Users\hp\Documents\Newfolder\jaistechkhatabookSystem\.venv\Lib\site-packages\django\db\utils.py", line 
91, in __exit__
    raise dj_exc_value.with_traceback(traceback) from exc_value

  File "C:\Users\hp\Documents\Newfolder\jaistechkhatabookSystem\.venv\Lib\site-packages\django\db\utils.py", line 
98, in inner
    return func(*args, **kwargs)
           ^^^^^^^^^^^^^^^^^^^^^

django.db.utils.IntegrityError: FOREIGN KEY constraint failed

Traceback (most recent call last):

  File "C:\Users\hp\Documents\Newfolder\jaistechkhatabookSystem\.venv\Lib\site-packages\django\db\utils.py", line 
98, in inner
    return func(*args, **kwargs)
           ^^^^^^^^^^^^^^^^^^^^^

sqlite3.IntegrityError: FOREIGN KEY constraint failed


The above exception was the direct cause of the following exception:


Traceback (most recent call last):

  File "C:\Users\hp\Documents\Newfolder\jaistechkhatabookSystem\debug_test.py", line 32, in <module>
    user = User.objects.create_user(
           ^^^^^^^^^^^^^^^^^^^^^^^^^

  File 
"C:\Users\hp\Documents\Newfolder\jaistechkhatabookSystem\.venv\Lib\site-packages\django\contrib\auth\models.py", 
line 175, in create_user
    return self._create_user(username, email, password, **extra_fields)
           ^^^^^^^^^^^^^^^^^^^^^^^^^^^^^^^^^^^^^^^^^^^^^^^^^^^^^^^^^^^^

  File 
"C:\Users\hp\Documents\Newfolder\jaistechkhatabookSystem\.venv\Lib\site-packages\django\contrib\auth\models.py", 
line 163, in _create_user
    user.save(using=self._db)

  File 
"C:\Users\hp\Documents\Newfolder\jaistechkhatabookSystem\.venv\Lib\site-packages\django\contrib\auth\base_user.py", 
line 65, in save
    super().save(*args, **kwargs)

  File "C:\Users\hp\Documents\Newfolder\jaistechkhatabookSystem\.venv\Lib\site-packages\django\db\models\base.py", 
line 902, in save
    self.save_base(

  File "C:\Users\hp\Documents\Newfolder\jaistechkhatabookSystem\.venv\Lib\site-packages\django\db\models\base.py", 
line 1023, in save_base
    post_save.send(

  File 
"C:\Users\hp\Documents\Newfolder\jaistechkhatabookSystem\.venv\Lib\site-packages\django\dispatch\dispatcher.py", 
line 189, in send
    response = receiver(signal=self, sender=sender, **named)
               ^^^^^^^^^^^^^^^^^^^^^^^^^^^^^^^^^^^^^^^^^^^^^

  File "C:\Users\hp\Documents\Newfolder\jaistechkhatabookSystem\accounts\signals.py", line 60, in 
create_user_business
    transaction.on_commit(_create)

  File "C:\Users\hp\Documents\Newfolder\jaistechkhatabookSystem\.venv\Lib\site-packages\django\db\transaction.py", 
line 134, in on_commit
    get_connection(using).on_commit(func, robust)

  File 
"C:\Users\hp\Documents\Newfolder\jaistechkhatabookSystem\.venv\Lib\site-packages\django\db\backends\base\base.py", 
line 750, in on_commit
    func()

  File "C:\Users\hp\Documents\Newfolder\jaistechkhatabookSystem\accounts\signals.py", line 40, in _create
    UserProfile.objects.create(

  File 
"C:\Users\hp\Documents\Newfolder\jaistechkhatabookSystem\.venv\Lib\site-packages\django\db\models\manager.py", line 
87, in manager_method
    return getattr(self.get_queryset(), name)(*args, **kwargs)
           ^^^^^^^^^^^^^^^^^^^^^^^^^^^^^^^^^^^^^^^^^^^^^^^^^^^

  File "C:\Users\hp\Documents\Newfolder\jaistechkhatabookSystem\.venv\Lib\site-packages\django\db\models\query.py", 
line 663, in create
    obj.save(force_insert=True, using=self.db)

  File "C:\Users\hp\Documents\Newfolder\jaistechkhatabookSystem\.venv\Lib\site-packages\django\db\models\base.py", 
line 902, in save
    self.save_base(

  File "C:\Users\hp\Documents\Newfolder\jaistechkhatabookSystem\.venv\Lib\site-packages\django\db\models\base.py", 
line 1008, in save_base
    updated = self._save_table(
              ^^^^^^^^^^^^^^^^^

  File "C:\Users\hp\Documents\Newfolder\jaistechkhatabookSystem\.venv\Lib\site-packages\django\db\models\base.py", 
line 1169, in _save_table
    results = self._do_insert(
              ^^^^^^^^^^^^^^^^

  File "C:\Users\hp\Documents\Newfolder\jaistechkhatabookSystem\.venv\Lib\site-packages\django\db\models\base.py", 
line 1210, in _do_insert
    return manager._insert(
           ^^^^^^^^^^^^^^^^

  File 
"C:\Users\hp\Documents\Newfolder\jaistechkhatabookSystem\.venv\Lib\site-packages\django\db\models\manager.py", line 
87, in manager_method
    return getattr(self.get_queryset(), name)(*args, **kwargs)
           ^^^^^^^^^^^^^^^^^^^^^^^^^^^^^^^^^^^^^^^^^^^^^^^^^^^

  File "C:\Users\hp\Documents\Newfolder\jaistechkhatabookSystem\.venv\Lib\site-packages\django\db\models\query.py", 
line 1868, in _insert
    return query.get_compiler(using=using).execute_sql(returning_fields)
           ^^^^^^^^^^^^^^^^^^^^^^^^^^^^^^^^^^^^^^^^^^^^^^^^^^^^^^^^^^^^^

  File 
"C:\Users\hp\Documents\Newfolder\jaistechkhatabookSystem\.venv\Lib\site-packages\django\db\models\sql\compiler.py", 
line 1894, in execute_sql
    self.connection.ops.fetch_returned_insert_columns(

  File "C:\Users\hp\Documents\Newfolder\jaistechkhatabookSystem\.venv\Lib\site-packages\django\db\backends\base\oper
ations.py", line 215, in fetch_returned_insert_columns
    return cursor.fetchone()
           ^^^^^^^^^^^^^^^^^

  File "C:\Users\hp\Documents\Newfolder\jaistechkhatabookSystem\.venv\Lib\site-packages\django\db\utils.py", line 
97, in inner
    with self:

  File "C:\Users\hp\Documents\Newfolder\jaistechkhatabookSystem\.venv\Lib\site-packages\django\db\utils.py", line 
91, in __exit__
    raise dj_exc_value.with_traceback(traceback) from exc_value

  File "C:\Users\hp\Documents\Newfolder\jaistechkhatabookSystem\.venv\Lib\site-packages\django\db\utils.py", line 
98, in inner
    return func(*args, **kwargs)
           ^^^^^^^^^^^^^^^^^^^^^

django.db.utils.IntegrityError: FOREIGN KEY constraint failed


=== Creating user: test20260118185923 ===

Error in _create signal: FOREIGN KEY constraint failed

=== ERROR: FOREIGN KEY constraint failed ===

